<html>
<body>
<pre>
<h1>µVision Build Log</h1>
<h2>Project:</h2>
C:\Users\lacou\Desktop\Embedded\Mini_Projects\final-project-gamma\final-project2-gama\Cube-Game-Gamma.uvproj
Project File Date:  12/18/2018

<h2>Output:</h2>
Rebuild target 'Target 1'
compiling FIFO.c...
compiling joystick.c...
compiling LCD.c...
compiling Main.c...
compiling os.c...
assembling osasm.s...
compiling PLL.c...
compiling PORTE.c...
assembling startup.s...
compiling UART.c...
compiling UART_FIFO.c...
linking...
Program Size: Code=12926 RO-data=10654 RW-data=2276 ZI-data=24724  
".\Cube-Game-Gamma.axf" - 0 Error(s), 0 Warning(s).
Load "C:\\Users\\lacou\\Desktop\\Embedded\\Mini_Projects\\final-project-gamma\\final-project2-gama\\Cube-Game-Gamma.axf" 
Connecting: Mode=JTAG, Speed=1000000Hz
Erase Done.
Programming Done.
Verify OK.
</pre>
</body>
</html>
