ARM Linker, 5.03 [Build 76] [MDK-ARM Lite]

==============================================================================

Section Cross References

    fifo.o(.text) refers to startup.o(.text) for StartCritical
    fifo.o(.text) refers to os.o(.text) for OS_InitSemaphore
    fifo.o(.text) refers to fifo.o(.data) for JsFifoAvailable
    fifo.o(.text) refers to fifo.o(.bss) for JsFifo
    lcd.o(.text) refers to lcd.o(.emb_text) for parrotdelay
    lcd.o(.text) refers to lcd.o(.data) for RowStart
    lcd.o(.text) refers to lcd.o(.constdata) for Rcmd1
    lcd.o(.text) refers to lcd.o(.bss) for Message
    lcd.o(.text) refers to os.o(.text) for OS_InitSemaphore
    main.o(.text) refers to lcd.o(.text) for BSP_LCD_OutputInit
    main.o(.text) refers to joystick.o(.text) for BSP_Joystick_Init
    main.o(.text) refers to fifo.o(.text) for JsFifo_Put
    main.o(.text) refers to os.o(.text) for OS_bWait
    main.o(.text) refers to main.o(.data) for origin
    main.o(.text) refers to lcd.o(.data) for LCDFree
    main.o(.text) refers to main.o(.constdata) for black
    main.o(.text) refers to main.o(.bss) for Shot
    main.o(.text) refers to osasm.o(.text) for OS_DisableInterrupts
    os.o(.text) refers to startup.o(.text) for StartCritical
    os.o(.text) refers to osasm.o(.text) for OS_DisableInterrupts
    os.o(.text) refers to pll.o(.text) for PLL_Init
    os.o(.text) refers to os.o(.data) for MSTime
    os.o(.text) refers to os.o(.bss) for tcbs
    osasm.o(.text) refers to os.o(.text) for Scheduler
    osasm.o(.text) refers to os.o(.data) for RunPt
    startup.o(RESET) refers to startup.o(STACK) for StackMem
    startup.o(RESET) refers to osasm.o(.text) for SysTick_Handler
    startup.o(RESET) refers to os.o(.text) for GPIOPortD_Handler
    startup.o(RESET) refers to uart.o(.text) for UART0_Handler
    startup.o(RESET) refers to entry.o(.ARM.Collect$$$$00000000) for __main
    uart.o(.text) refers to uart_fifo.o(.text) for Rx_UARTFifo_Init
    uart_fifo.o(.text) refers to startup.o(.text) for StartCritical
    uart_fifo.o(.text) refers to os.o(.text) for OS_InitSemaphore
    uart_fifo.o(.text) refers to uart_fifo.o(.data) for Tx_UARTRoomType
    uart_fifo.o(.text) refers to uart_fifo.o(.bss) for Tx_UARTFifo
    entry.o(.ARM.Collect$$$$00000000) refers (Special) to entry10a.o(.ARM.Collect$$$$0000000D) for __rt_final_cpp
    entry.o(.ARM.Collect$$$$00000000) refers (Special) to entry11a.o(.ARM.Collect$$$$0000000F) for __rt_final_exit
    entry.o(.ARM.Collect$$$$00000000) refers (Special) to entry7b.o(.ARM.Collect$$$$00000008) for _main_clock
    entry.o(.ARM.Collect$$$$00000000) refers (Special) to entry8b.o(.ARM.Collect$$$$0000000A) for _main_cpp_init
    entry.o(.ARM.Collect$$$$00000000) refers (Special) to entry9a.o(.ARM.Collect$$$$0000000B) for _main_init
    entry.o(.ARM.Collect$$$$00000000) refers (Special) to entry5.o(.ARM.Collect$$$$00000004) for _main_scatterload
    entry.o(.ARM.Collect$$$$00000000) refers (Special) to entry2.o(.ARM.Collect$$$$00000001) for _main_stk
    entry2.o(.ARM.Collect$$$$00000001) refers to entry2.o(.ARM.Collect$$$$00002712) for __lit__00000000
    entry2.o(.ARM.Collect$$$$00002712) refers to startup.o(STACK) for __initial_sp
    entry2.o(__vectab_stack_and_reset_area) refers to startup.o(STACK) for __initial_sp
    entry2.o(__vectab_stack_and_reset_area) refers to entry.o(.ARM.Collect$$$$00000000) for __main
    entry5.o(.ARM.Collect$$$$00000004) refers to init.o(.text) for __scatterload
    entry9a.o(.ARM.Collect$$$$0000000B) refers to main.o(.text) for main
    entry9b.o(.ARM.Collect$$$$0000000C) refers to main.o(.text) for main
    init.o(.text) refers to entry5.o(.ARM.Collect$$$$00000004) for __main_after_scatterload


==============================================================================

Removing Unused input sections from the image.

    Removing porte.o(.text), (104 bytes).
    Removing startup.o(HEAP), (0 bytes).

2 unused section(s) (total 104 bytes) removed from the image.

==============================================================================

Image Symbol Table

    Local Symbols

    Symbol Name                              Value     Ov Type        Size  Object(Section)

    RESET                                    0x00000000   Section      644  startup.o(RESET)
    ../clib/../cmprslib/zerorunl2.c          0x00000000   Number         0  __dczerorl2.o ABSOLUTE
    ../clib/microlib/init/entry.s            0x00000000   Number         0  entry8b.o ABSOLUTE
    ../clib/microlib/init/entry.s            0x00000000   Number         0  entry10b.o ABSOLUTE
    ../clib/microlib/init/entry.s            0x00000000   Number         0  entry.o ABSOLUTE
    ../clib/microlib/init/entry.s            0x00000000   Number         0  entry9a.o ABSOLUTE
    ../clib/microlib/init/entry.s            0x00000000   Number         0  entry11b.o ABSOLUTE
    ../clib/microlib/init/entry.s            0x00000000   Number         0  entry9b.o ABSOLUTE
    ../clib/microlib/init/entry.s            0x00000000   Number         0  entry11a.o ABSOLUTE
    ../clib/microlib/init/entry.s            0x00000000   Number         0  entry2.o ABSOLUTE
    ../clib/microlib/init/entry.s            0x00000000   Number         0  entry10a.o ABSOLUTE
    ../clib/microlib/init/entry.s            0x00000000   Number         0  entry5.o ABSOLUTE
    ../clib/microlib/init/entry.s            0x00000000   Number         0  entry7a.o ABSOLUTE
    ../clib/microlib/init/entry.s            0x00000000   Number         0  entry7b.o ABSOLUTE
    ../clib/microlib/init/entry.s            0x00000000   Number         0  entry8a.o ABSOLUTE
    FIFO.c                                   0x00000000   Number         0  fifo.o ABSOLUTE
    LCD.c                                    0x00000000   Number         0  lcd.o ABSOLUTE
    LCD.c                                    0x00000000   Number         0  lcd.o ABSOLUTE
    Main.c                                   0x00000000   Number         0  main.o ABSOLUTE
    PLL.c                                    0x00000000   Number         0  pll.o ABSOLUTE
    PORTE.c                                  0x00000000   Number         0  porte.o ABSOLUTE
    UART.c                                   0x00000000   Number         0  uart.o ABSOLUTE
    UART_FIFO.c                              0x00000000   Number         0  uart_fifo.o ABSOLUTE
    dc.s                                     0x00000000   Number         0  dc.o ABSOLUTE
    handlers.s                               0x00000000   Number         0  handlers.o ABSOLUTE
    init.s                                   0x00000000   Number         0  init.o ABSOLUTE
    joystick.c                               0x00000000   Number         0  joystick.o ABSOLUTE
    os.c                                     0x00000000   Number         0  os.o ABSOLUTE
    osasm.s                                  0x00000000   Number         0  osasm.o ABSOLUTE
    startup.s                                0x00000000   Number         0  startup.o ABSOLUTE
    .ARM.Collect$$$$00000000                 0x00000284   Section        0  entry.o(.ARM.Collect$$$$00000000)
    .ARM.Collect$$$$00000001                 0x00000284   Section        4  entry2.o(.ARM.Collect$$$$00000001)
    .ARM.Collect$$$$00000004                 0x00000288   Section        4  entry5.o(.ARM.Collect$$$$00000004)
    .ARM.Collect$$$$00000008                 0x0000028c   Section        0  entry7b.o(.ARM.Collect$$$$00000008)
    .ARM.Collect$$$$0000000A                 0x0000028c   Section        0  entry8b.o(.ARM.Collect$$$$0000000A)
    .ARM.Collect$$$$0000000B                 0x0000028c   Section        8  entry9a.o(.ARM.Collect$$$$0000000B)
    .ARM.Collect$$$$0000000D                 0x00000294   Section        0  entry10a.o(.ARM.Collect$$$$0000000D)
    .ARM.Collect$$$$0000000F                 0x00000294   Section        0  entry11a.o(.ARM.Collect$$$$0000000F)
    .ARM.Collect$$$$00002712                 0x00000294   Section        4  entry2.o(.ARM.Collect$$$$00002712)
    __lit__00000000                          0x00000294   Data           4  entry2.o(.ARM.Collect$$$$00002712)
    .emb_text                                0x00000298   Section        6  lcd.o(.emb_text)
    .text                                    0x000002a0   Section        0  fifo.o(.text)
    .text                                    0x00000378   Section        0  joystick.o(.text)
    adcinit                                  0x00000379   Thumb Code    56  joystick.o(.text)
    .text                                    0x0000051c   Section        0  lcd.o(.text)
    writecommand                             0x0000051d   Thumb Code    60  lcd.o(.text)
    writedata                                0x00000559   Thumb Code    62  lcd.o(.text)
    commandList                              0x000005ad   Thumb Code    86  lcd.o(.text)
    commonInit                               0x00000603   Thumb Code   450  lcd.o(.text)
    setAddrWindow                            0x000007c5   Thumb Code   106  lcd.o(.text)
    ST7735_InitR                             0x00000955   Thumb Code    86  lcd.o(.text)
    pushColor                                0x000009b5   Thumb Code    18  lcd.o(.text)
    fillmessage                              0x00000e97   Thumb Code    64  lcd.o(.text)
    fillmessage4                             0x00000ed7   Thumb Code    90  lcd.o(.text)
    fillmessage5                             0x00000f31   Thumb Code   116  lcd.o(.text)
    fillmessage2_1                           0x00000fa5   Thumb Code    84  lcd.o(.text)
    fillmessage2_Hex                         0x00000ff9   Thumb Code    80  lcd.o(.text)
    .text                                    0x000014c4   Section        0  main.o(.text)
    .text                                    0x0000211c   Section        0  os.o(.text)
    DebouncePD6                              0x00002b23   Thumb Code    42  os.o(.text)
    DebouncePD7                              0x00002b4d   Thumb Code    42  os.o(.text)
    .text                                    0x00002c50   Section       84  osasm.o(.text)
    .text                                    0x00002ca4   Section        0  pll.o(.text)
    .text                                    0x00002d20   Section       28  startup.o(.text)
    .text                                    0x00002d3c   Section        0  uart.o(.text)
    copyHardwareToSoftware                   0x00002de7   Thumb Code    36  uart.o(.text)
    copySoftwareToHardware                   0x00002e0b   Thumb Code    38  uart.o(.text)
    .text                                    0x00003060   Section        0  uart_fifo.o(.text)
    .text                                    0x000031e0   Section       36  init.o(.text)
    .text                                    0x00003204   Section        0  __dczerorl2.o(.text)
    i.__scatterload_copy                     0x00003260   Section       14  handlers.o(i.__scatterload_copy)
    i.__scatterload_null                     0x0000326e   Section        2  handlers.o(i.__scatterload_null)
    i.__scatterload_zeroinit                 0x00003270   Section       14  handlers.o(i.__scatterload_zeroinit)
    .constdata                               0x0000327e   Section     1403  lcd.o(.constdata)
    Font                                     0x0000327e   Data        1275  lcd.o(.constdata)
    Rcmd1                                    0x00003779   Data          59  lcd.o(.constdata)
    Rcmd2green                               0x000037b4   Data          13  lcd.o(.constdata)
    Rcmd2red                                 0x000037c1   Data          13  lcd.o(.constdata)
    Rcmd3                                    0x000037ce   Data          43  lcd.o(.constdata)
    .constdata                               0x000037fa   Section     9216  main.o(.constdata)
    .data                                    0x20000000   Section       12  fifo.o(.data)
    .data                                    0x2000000c   Section       44  lcd.o(.data)
    _width                                   0x20000016   Data           2  lcd.o(.data)
    _height                                  0x20000018   Data           2  lcd.o(.data)
    ColStart                                 0x2000001a   Data           1  lcd.o(.data)
    RowStart                                 0x2000001b   Data           1  lcd.o(.data)
    .data                                    0x20000038   Section     2156  main.o(.data)
    .data                                    0x200008a4   Section       40  os.o(.data)
    ThreadNum                                0x200008a4   Data           4  os.o(.data)
    PeriodTaskCt                             0x200008a8   Data           2  os.o(.data)
    MSTime                                   0x200008c0   Data           4  os.o(.data)
    Last1                                    0x200008c4   Data           4  os.o(.data)
    Last2                                    0x200008c8   Data           4  os.o(.data)
    .data                                    0x200008cc   Section       24  uart_fifo.o(.data)
    .bss                                     0x200008e4   Section       64  fifo.o(.bss)
    JsFifo                                   0x200008e4   Data          64  fifo.o(.bss)
    .bss                                     0x20000924   Section       12  lcd.o(.bss)
    .bss                                     0x20000930   Section     1196  main.o(.bss)
    .bss                                     0x20000ddc   Section    22400  os.o(.bss)
    .bss                                     0x2000655c   Section       26  uart_fifo.o(.bss)
    Tx_UARTFifo                              0x2000655c   Data          16  uart_fifo.o(.bss)
    Rx_UARTFifo                              0x2000656c   Data          10  uart_fifo.o(.bss)
    STACK                                    0x20006578   Section     1024  startup.o(STACK)
    StackMem                                 0x20006578   Data           0  startup.o(STACK)

    Global Symbols

    Symbol Name                              Value     Ov Type        Size  Object(Section)

    BuildAttributes$$THM_ISAv4$E$P$D$K$B$S$7EM$PE$A:L22UL41UL21$X:L11$S22US41US21$IEEE1$IW$USESV6$~STKCKD$USESV7$~SHL$OSPACE$EBA8$MICROLIB$REQ8$PRES8$EABIv2 0x00000000   Number         0  anon$$obj.o ABSOLUTE
    __ARM_use_no_argv                        0x00000000   Number         0  main.o ABSOLUTE
    __Vectors                                0x00000000   Data           0  startup.o(RESET)
    __cpp_initialize__aeabi_                  - Undefined Weak Reference
    __cxa_finalize                            - Undefined Weak Reference
    _clock_init                               - Undefined Weak Reference
    _microlib_exit                            - Undefined Weak Reference
    Reset_Handler                            0x0000026d   Thumb Code     0  startup.o(RESET)
    NMI_Handler                              0x00000271   Thumb Code     2  startup.o(RESET)
    HardFault_Handler                        0x00000273   Thumb Code     2  startup.o(RESET)
    MemManage_Handler                        0x00000275   Thumb Code     2  startup.o(RESET)
    BusFault_Handler                         0x00000277   Thumb Code     2  startup.o(RESET)
    UsageFault_Handler                       0x00000279   Thumb Code     2  startup.o(RESET)
    SVC_Handler                              0x0000027b   Thumb Code     2  startup.o(RESET)
    DebugMon_Handler                         0x0000027d   Thumb Code     2  startup.o(RESET)
    PendSV_Handler                           0x0000027f   Thumb Code     2  startup.o(RESET)
    ADC0Seq0_Handler                         0x00000283   Thumb Code     0  startup.o(RESET)
    ADC0Seq1_Handler                         0x00000283   Thumb Code     0  startup.o(RESET)
    ADC0Seq2_Handler                         0x00000283   Thumb Code     0  startup.o(RESET)
    ADC0Seq3_Handler                         0x00000283   Thumb Code     0  startup.o(RESET)
    ADC1Seq0_Handler                         0x00000283   Thumb Code     0  startup.o(RESET)
    ADC1Seq1_Handler                         0x00000283   Thumb Code     0  startup.o(RESET)
    ADC1Seq2_Handler                         0x00000283   Thumb Code     0  startup.o(RESET)
    ADC1Seq3_Handler                         0x00000283   Thumb Code     0  startup.o(RESET)
    CAN0_Handler                             0x00000283   Thumb Code     0  startup.o(RESET)
    CAN1_Handler                             0x00000283   Thumb Code     0  startup.o(RESET)
    CAN2_Handler                             0x00000283   Thumb Code     0  startup.o(RESET)
    Comp0_Handler                            0x00000283   Thumb Code     0  startup.o(RESET)
    Comp1_Handler                            0x00000283   Thumb Code     0  startup.o(RESET)
    Comp2_Handler                            0x00000283   Thumb Code     0  startup.o(RESET)
    Ethernet_Handler                         0x00000283   Thumb Code     0  startup.o(RESET)
    ExtBus_Handler                           0x00000283   Thumb Code     0  startup.o(RESET)
    FPU_Handler                              0x00000283   Thumb Code     0  startup.o(RESET)
    Fan0_Handler                             0x00000283   Thumb Code     0  startup.o(RESET)
    FlashCtl_Handler                         0x00000283   Thumb Code     0  startup.o(RESET)
    GPIOPortA_Handler                        0x00000283   Thumb Code     0  startup.o(RESET)
    GPIOPortB_Handler                        0x00000283   Thumb Code     0  startup.o(RESET)
    GPIOPortC_Handler                        0x00000283   Thumb Code     0  startup.o(RESET)
    GPIOPortE_Handler                        0x00000283   Thumb Code     0  startup.o(RESET)
    GPIOPortF_Handler                        0x00000283   Thumb Code     0  startup.o(RESET)
    GPIOPortG_Handler                        0x00000283   Thumb Code     0  startup.o(RESET)
    GPIOPortH_Handler                        0x00000283   Thumb Code     0  startup.o(RESET)
    GPIOPortJ_Handler                        0x00000283   Thumb Code     0  startup.o(RESET)
    GPIOPortK_Handler                        0x00000283   Thumb Code     0  startup.o(RESET)
    GPIOPortL_Handler                        0x00000283   Thumb Code     0  startup.o(RESET)
    GPIOPortM_Handler                        0x00000283   Thumb Code     0  startup.o(RESET)
    GPIOPortN_Handler                        0x00000283   Thumb Code     0  startup.o(RESET)
    GPIOPortP1_Handler                       0x00000283   Thumb Code     0  startup.o(RESET)
    GPIOPortP2_Handler                       0x00000283   Thumb Code     0  startup.o(RESET)
    GPIOPortP3_Handler                       0x00000283   Thumb Code     0  startup.o(RESET)
    GPIOPortP4_Handler                       0x00000283   Thumb Code     0  startup.o(RESET)
    GPIOPortP5_Handler                       0x00000283   Thumb Code     0  startup.o(RESET)
    GPIOPortP6_Handler                       0x00000283   Thumb Code     0  startup.o(RESET)
    GPIOPortP7_Handler                       0x00000283   Thumb Code     0  startup.o(RESET)
    GPIOPortP_Handler                        0x00000283   Thumb Code     0  startup.o(RESET)
    GPIOPortQ1_Handler                       0x00000283   Thumb Code     0  startup.o(RESET)
    GPIOPortQ2_Handler                       0x00000283   Thumb Code     0  startup.o(RESET)
    GPIOPortQ3_Handler                       0x00000283   Thumb Code     0  startup.o(RESET)
    GPIOPortQ4_Handler                       0x00000283   Thumb Code     0  startup.o(RESET)
    GPIOPortQ5_Handler                       0x00000283   Thumb Code     0  startup.o(RESET)
    GPIOPortQ6_Handler                       0x00000283   Thumb Code     0  startup.o(RESET)
    GPIOPortQ7_Handler                       0x00000283   Thumb Code     0  startup.o(RESET)
    GPIOPortQ_Handler                        0x00000283   Thumb Code     0  startup.o(RESET)
    GPIOPortR_Handler                        0x00000283   Thumb Code     0  startup.o(RESET)
    GPIOPortS_Handler                        0x00000283   Thumb Code     0  startup.o(RESET)
    Hibernate_Handler                        0x00000283   Thumb Code     0  startup.o(RESET)
    I2C0_Handler                             0x00000283   Thumb Code     0  startup.o(RESET)
    I2C1_Handler                             0x00000283   Thumb Code     0  startup.o(RESET)
    I2C2_Handler                             0x00000283   Thumb Code     0  startup.o(RESET)
    I2C3_Handler                             0x00000283   Thumb Code     0  startup.o(RESET)
    I2C4_Handler                             0x00000283   Thumb Code     0  startup.o(RESET)
    I2C5_Handler                             0x00000283   Thumb Code     0  startup.o(RESET)
    I2S0_Handler                             0x00000283   Thumb Code     0  startup.o(RESET)
    LPC0_Handler                             0x00000283   Thumb Code     0  startup.o(RESET)
    PECI0_Handler                            0x00000283   Thumb Code     0  startup.o(RESET)
    PWM0Fault_Handler                        0x00000283   Thumb Code     0  startup.o(RESET)
    PWM0Generator0_Handler                   0x00000283   Thumb Code     0  startup.o(RESET)
    PWM0Generator1_Handler                   0x00000283   Thumb Code     0  startup.o(RESET)
    PWM0Generator2_Handler                   0x00000283   Thumb Code     0  startup.o(RESET)
    PWM0Generator3_Handler                   0x00000283   Thumb Code     0  startup.o(RESET)
    PWM1Fault_Handler                        0x00000283   Thumb Code     0  startup.o(RESET)
    PWM1Generator0_Handler                   0x00000283   Thumb Code     0  startup.o(RESET)
    PWM1Generator1_Handler                   0x00000283   Thumb Code     0  startup.o(RESET)
    PWM1Generator2_Handler                   0x00000283   Thumb Code     0  startup.o(RESET)
    PWM1Generator3_Handler                   0x00000283   Thumb Code     0  startup.o(RESET)
    Quadrature0_Handler                      0x00000283   Thumb Code     0  startup.o(RESET)
    Quadrature1_Handler                      0x00000283   Thumb Code     0  startup.o(RESET)
    Quadrature2_Handler                      0x00000283   Thumb Code     0  startup.o(RESET)
    SSI0_Handler                             0x00000283   Thumb Code     0  startup.o(RESET)
    SSI1_Handler                             0x00000283   Thumb Code     0  startup.o(RESET)
    SSI2_Handler                             0x00000283   Thumb Code     0  startup.o(RESET)
    SSI3_Handler                             0x00000283   Thumb Code     0  startup.o(RESET)
    SysCtl_Handler                           0x00000283   Thumb Code     0  startup.o(RESET)
    Timer0A_Handler                          0x00000283   Thumb Code     0  startup.o(RESET)
    Timer0B_Handler                          0x00000283   Thumb Code     0  startup.o(RESET)
    Timer1B_Handler                          0x00000283   Thumb Code     0  startup.o(RESET)
    Timer2B_Handler                          0x00000283   Thumb Code     0  startup.o(RESET)
    Timer3B_Handler                          0x00000283   Thumb Code     0  startup.o(RESET)
    Timer4B_Handler                          0x00000283   Thumb Code     0  startup.o(RESET)
    Timer5A_Handler                          0x00000283   Thumb Code     0  startup.o(RESET)
    Timer5B_Handler                          0x00000283   Thumb Code     0  startup.o(RESET)
    UART1_Handler                            0x00000283   Thumb Code     0  startup.o(RESET)
    UART2_Handler                            0x00000283   Thumb Code     0  startup.o(RESET)
    UART3_Handler                            0x00000283   Thumb Code     0  startup.o(RESET)
    UART4_Handler                            0x00000283   Thumb Code     0  startup.o(RESET)
    UART5_Handler                            0x00000283   Thumb Code     0  startup.o(RESET)
    UART6_Handler                            0x00000283   Thumb Code     0  startup.o(RESET)
    UART7_Handler                            0x00000283   Thumb Code     0  startup.o(RESET)
    USB0_Handler                             0x00000283   Thumb Code     0  startup.o(RESET)
    WDT_Handler                              0x00000283   Thumb Code     0  startup.o(RESET)
    WideTimer0A_Handler                      0x00000283   Thumb Code     0  startup.o(RESET)
    WideTimer0B_Handler                      0x00000283   Thumb Code     0  startup.o(RESET)
    WideTimer1A_Handler                      0x00000283   Thumb Code     0  startup.o(RESET)
    WideTimer1B_Handler                      0x00000283   Thumb Code     0  startup.o(RESET)
    WideTimer2A_Handler                      0x00000283   Thumb Code     0  startup.o(RESET)
    WideTimer2B_Handler                      0x00000283   Thumb Code     0  startup.o(RESET)
    WideTimer3A_Handler                      0x00000283   Thumb Code     0  startup.o(RESET)
    WideTimer3B_Handler                      0x00000283   Thumb Code     0  startup.o(RESET)
    WideTimer4A_Handler                      0x00000283   Thumb Code     0  startup.o(RESET)
    WideTimer4B_Handler                      0x00000283   Thumb Code     0  startup.o(RESET)
    WideTimer5A_Handler                      0x00000283   Thumb Code     0  startup.o(RESET)
    WideTimer5B_Handler                      0x00000283   Thumb Code     0  startup.o(RESET)
    uDMA_Error                               0x00000283   Thumb Code     0  startup.o(RESET)
    uDMA_Handler                             0x00000283   Thumb Code     0  startup.o(RESET)
    __main                                   0x00000285   Thumb Code     0  entry.o(.ARM.Collect$$$$00000000)
    _main_stk                                0x00000285   Thumb Code     0  entry2.o(.ARM.Collect$$$$00000001)
    _main_scatterload                        0x00000289   Thumb Code     0  entry5.o(.ARM.Collect$$$$00000004)
    __main_after_scatterload                 0x0000028d   Thumb Code     0  entry5.o(.ARM.Collect$$$$00000004)
    _main_clock                              0x0000028d   Thumb Code     0  entry7b.o(.ARM.Collect$$$$00000008)
    _main_cpp_init                           0x0000028d   Thumb Code     0  entry8b.o(.ARM.Collect$$$$0000000A)
    _main_init                               0x0000028d   Thumb Code     0  entry9a.o(.ARM.Collect$$$$0000000B)
    __rt_final_cpp                           0x00000295   Thumb Code     0  entry10a.o(.ARM.Collect$$$$0000000D)
    __rt_final_exit                          0x00000295   Thumb Code     0  entry11a.o(.ARM.Collect$$$$0000000F)
    parrotdelay                              0x00000299   Thumb Code     6  lcd.o(.emb_text)
    JsFifo_Init                              0x000002a1   Thumb Code    34  fifo.o(.text)
    JsFifo_Put                               0x000002c3   Thumb Code    64  fifo.o(.text)
    JsFifo_Get                               0x00000303   Thumb Code    52  fifo.o(.text)
    JsFifo_Size                              0x00000337   Thumb Code    48  fifo.o(.text)
    BSP_Joystick_Init                        0x000003b1   Thumb Code   274  joystick.o(.text)
    BSP_Joystick_Input                       0x000004c3   Thumb Code    46  joystick.o(.text)
    BSP_Delay1ms                             0x00000597   Thumb Code    22  lcd.o(.text)
    BSP_LCD_FillRect                         0x0000082f   Thumb Code   164  lcd.o(.text)
    BSP_LCD_FillScreen                       0x000008d3   Thumb Code    28  lcd.o(.text)
    BSP_LCD_SetCursor                        0x000008ef   Thumb Code   102  lcd.o(.text)
    BSP_LCD_Init                             0x000009ab   Thumb Code    10  lcd.o(.text)
    BSP_LCD_DrawPixel                        0x000009c7   Thumb Code    64  lcd.o(.text)
    BSP_LCD_DrawFastVLine                    0x00000a07   Thumb Code   116  lcd.o(.text)
    BSP_LCD_DrawFastHLine                    0x00000a7b   Thumb Code   116  lcd.o(.text)
    BSP_LCD_Color565                         0x00000aef   Thumb Code    24  lcd.o(.text)
    BSP_LCD_SwapColor                        0x00000b07   Thumb Code    18  lcd.o(.text)
    BSP_LCD_DrawBitmap                       0x00000b19   Thumb Code   280  lcd.o(.text)
    BSP_LCD_DrawCharS                        0x00000c31   Thumb Code   232  lcd.o(.text)
    BSP_LCD_DrawChar                         0x00000d19   Thumb Code   298  lcd.o(.text)
    BSP_LCD_DrawString                       0x00000e43   Thumb Code    84  lcd.o(.text)
    BSP_LCD_OutUDec                          0x00001049   Thumb Code   120  lcd.o(.text)
    BSP_LCD_OutUDec4                         0x000010c1   Thumb Code   116  lcd.o(.text)
    BSP_LCD_OutUDec5                         0x00001135   Thumb Code   116  lcd.o(.text)
    BSP_LCD_OutUFix2_1                       0x000011a9   Thumb Code   130  lcd.o(.text)
    BSP_LCD_OutUHex2                         0x0000122b   Thumb Code    96  lcd.o(.text)
    BSP_LCD_Drawaxes                         0x0000128b   Thumb Code   270  lcd.o(.text)
    BSP_LCD_PlotPoint                        0x00001399   Thumb Code    86  lcd.o(.text)
    BSP_LCD_PlotIncrement                    0x000013ef   Thumb Code    46  lcd.o(.text)
    BSP_LCD_OutputInit                       0x0000141d   Thumb Code    22  lcd.o(.text)
    BSP_LCD_Message                          0x00001433   Thumb Code    68  lcd.o(.text)
    BSP_LCD_DrawCrosshair                    0x00001477   Thumb Code    38  lcd.o(.text)
    Device_Init                              0x000014c5   Thumb Code    12  main.o(.text)
    UpdatePosition                           0x000014d1   Thumb Code   184  main.o(.text)
    Producer                                 0x00001589   Thumb Code    62  main.o(.text)
    EraseEnemy                               0x000015c7   Thumb Code    36  main.o(.text)
    HitEnemy                                 0x000015eb   Thumb Code   190  main.o(.text)
    PlayerShot                               0x000016a9   Thumb Code   148  main.o(.text)
    ButtonWork                               0x0000173d   Thumb Code    98  main.o(.text)
    SW2Push                                  0x0000179f   Thumb Code    40  main.o(.text)
    ShipCollision                            0x000017c7   Thumb Code   108  main.o(.text)
    Consumer                                 0x00001833   Thumb Code   304  main.o(.text)
    shift_lfsr                               0x00001963   Thumb Code    26  main.o(.text)
    init_lfsrs                               0x0000197d   Thumb Code    18  main.o(.text)
    RandomCube                               0x0000198f   Thumb Code    44  main.o(.text)
    Random                                   0x000019bb   Thumb Code    44  main.o(.text)
    RandomDirection                          0x000019e7   Thumb Code    46  main.o(.text)
    RandomColor                              0x00001a15   Thumb Code    46  main.o(.text)
    DrawEnemy                                0x00001a43   Thumb Code    44  main.o(.text)
    initEnemies                              0x00001a6f   Thumb Code    90  main.o(.text)
    Game                                     0x00001ac9   Thumb Code   334  main.o(.text)
    HUD_Init                                 0x00001c17   Thumb Code    44  main.o(.text)
    Splash                                   0x00001c43   Thumb Code   496  main.o(.text)
    Restart                                  0x00001e33   Thumb Code   192  main.o(.text)
    Info                                     0x00001ef3   Thumb Code   134  main.o(.text)
    SW1Push                                  0x00001f79   Thumb Code    48  main.o(.text)
    CrossHair_Init                           0x00001fa9   Thumb Code    20  main.o(.text)
    PeriodicUpdater                          0x00001fbd   Thumb Code     4  main.o(.text)
    main                                     0x00001fc1   Thumb Code   166  main.o(.text)
    OS_ClearMsTime                           0x0000211d   Thumb Code     8  os.o(.text)
    InitTimer3A                              0x00002125   Thumb Code   118  os.o(.text)
    InitTimer2A                              0x0000219b   Thumb Code   126  os.o(.text)
    OS_Init                                  0x00002219   Thumb Code    78  os.o(.text)
    SetInitialStack                          0x00002267   Thumb Code   330  os.o(.text)
    OS_Launch                                0x000023b1   Thumb Code    22  os.o(.text)
    OS_Suspend                               0x000023c7   Thumb Code    20  os.o(.text)
    OS_MsTime                                0x000023db   Thumb Code     6  os.o(.text)
    OS_AddThread                             0x000023e1   Thumb Code   374  os.o(.text)
    OS_Id                                    0x00002557   Thumb Code     8  os.o(.text)
    OS_Wait                                  0x0000255f   Thumb Code    40  os.o(.text)
    OS_Signal                                0x00002587   Thumb Code    46  os.o(.text)
    OS_InitSemaphore                         0x000025b5   Thumb Code    18  os.o(.text)
    OS_bWait                                 0x000025c7   Thumb Code    40  os.o(.text)
    OS_bSignal                               0x000025ef   Thumb Code    56  os.o(.text)
    OS_Sleep                                 0x00002627   Thumb Code    16  os.o(.text)
    OS_Kill                                  0x00002637   Thumb Code   112  os.o(.text)
    OS_KillAll                               0x000026a7   Thumb Code    42  os.o(.text)
    Scheduler                                0x000026d1   Thumb Code   104  os.o(.text)
    InitTimer4A                              0x00002739   Thumb Code   122  os.o(.text)
    InitTimer1A                              0x000027b3   Thumb Code   128  os.o(.text)
    OS_AddPeriodicThread                     0x00002833   Thumb Code    54  os.o(.text)
    OS_Time                                  0x00002869   Thumb Code    12  os.o(.text)
    OS_TimeDifference                        0x00002875   Thumb Code     6  os.o(.text)
    Timer1A_Handler                          0x0000287b   Thumb Code    16  os.o(.text)
    Timer2A_Handler                          0x0000288b   Thumb Code   250  os.o(.text)
    Timer3A_Handler                          0x00002985   Thumb Code     8  os.o(.text)
    Timer4A_Handler                          0x0000298d   Thumb Code    16  os.o(.text)
    ButtonOneInit                            0x0000299d   Thumb Code   188  os.o(.text)
    ButtonTwoInit                            0x00002a59   Thumb Code   202  os.o(.text)
    GPIOPortD_Handler                        0x00002b77   Thumb Code    98  os.o(.text)
    OS_AddSW1Task                            0x00002bd9   Thumb Code    20  os.o(.text)
    OS_AddSW2Task                            0x00002bed   Thumb Code    20  os.o(.text)
    OS_DisableInterrupts                     0x00002c51   Thumb Code     0  osasm.o(.text)
    OS_EnableInterrupts                      0x00002c55   Thumb Code     0  osasm.o(.text)
    SysTick_Handler                          0x00002c59   Thumb Code     0  osasm.o(.text)
    StartOS                                  0x00002c7f   Thumb Code     0  osasm.o(.text)
    PLL_Init                                 0x00002ca5   Thumb Code   118  pll.o(.text)
    DisableInterrupts                        0x00002d21   Thumb Code     0  startup.o(.text)
    EnableInterrupts                         0x00002d25   Thumb Code     0  startup.o(.text)
    StartCritical                            0x00002d29   Thumb Code     0  startup.o(.text)
    EndCritical                              0x00002d31   Thumb Code     0  startup.o(.text)
    WaitForInterrupt                         0x00002d37   Thumb Code     0  startup.o(.text)
    UART_Init                                0x00002d3d   Thumb Code   170  uart.o(.text)
    UART_InChar                              0x00002e31   Thumb Code    20  uart.o(.text)
    UART_OutChar                             0x00002e45   Thumb Code    46  uart.o(.text)
    UART0_Handler                            0x00002e73   Thumb Code    82  uart.o(.text)
    UART_OutString                           0x00002ec5   Thumb Code    22  uart.o(.text)
    UART_InUDec                              0x00002edb   Thumb Code    76  uart.o(.text)
    UART_OutUDec                             0x00002f27   Thumb Code    42  uart.o(.text)
    UART_InUHex                              0x00002f51   Thumb Code   108  uart.o(.text)
    UART_OutUHex                             0x00002fbd   Thumb Code    52  uart.o(.text)
    UART_InString                            0x00002ff1   Thumb Code    70  uart.o(.text)
    OutCRLF                                  0x00003037   Thumb Code    16  uart.o(.text)
    Tx_UARTFifo_Init                         0x00003061   Thumb Code    34  uart_fifo.o(.text)
    Tx_UARTFifo_Put                          0x00003083   Thumb Code    56  uart_fifo.o(.text)
    Tx_UARTFifo_Get                          0x000030bb   Thumb Code    54  uart_fifo.o(.text)
    Tx_UARTFifo_Size                         0x000030f1   Thumb Code    14  uart_fifo.o(.text)
    Rx_UARTFifo_Init                         0x000030ff   Thumb Code    34  uart_fifo.o(.text)
    Rx_UARTFifo_Put                          0x00003121   Thumb Code    52  uart_fifo.o(.text)
    Rx_UARTFifo_Get                          0x00003155   Thumb Code    66  uart_fifo.o(.text)
    Rx_UARTFifo_Size                         0x00003197   Thumb Code    42  uart_fifo.o(.text)
    __scatterload                            0x000031e1   Thumb Code    28  init.o(.text)
    __scatterload_rt2                        0x000031e1   Thumb Code     0  init.o(.text)
    __decompress                             0x00003205   Thumb Code     0  __dczerorl2.o(.text)
    __decompress1                            0x00003205   Thumb Code    92  __dczerorl2.o(.text)
    __scatterload_copy                       0x00003261   Thumb Code    14  handlers.o(i.__scatterload_copy)
    __scatterload_null                       0x0000326f   Thumb Code     2  handlers.o(i.__scatterload_null)
    __scatterload_zeroinit                   0x00003271   Thumb Code    14  handlers.o(i.__scatterload_zeroinit)
    ship                                     0x000037fa   Data         512  main.o(.constdata)
    logoTL                                   0x000039fa   Data         512  main.o(.constdata)
    logoT1                                   0x00003bfa   Data         512  main.o(.constdata)
    logoT2                                   0x00003dfa   Data         512  main.o(.constdata)
    logoTR                                   0x00003ffa   Data         512  main.o(.constdata)
    logoBL                                   0x000041fa   Data         512  main.o(.constdata)
    logoB1                                   0x000043fa   Data         512  main.o(.constdata)
    logoB2                                   0x000045fa   Data         512  main.o(.constdata)
    logoBR                                   0x000047fa   Data         512  main.o(.constdata)
    classic1                                 0x000049fa   Data         512  main.o(.constdata)
    classic2                                 0x00004bfa   Data         512  main.o(.constdata)
    classic3                                 0x00004dfa   Data         512  main.o(.constdata)
    classic4                                 0x00004ffa   Data         512  main.o(.constdata)
    classic1selected                         0x000051fa   Data         512  main.o(.constdata)
    classic2selected                         0x000053fa   Data         512  main.o(.constdata)
    classic3selected                         0x000055fa   Data         512  main.o(.constdata)
    classic4selected                         0x000057fa   Data         512  main.o(.constdata)
    black                                    0x000059fa   Data         512  main.o(.constdata)
    Region$$Table$$Base                      0x00005bfc   Number         0  anon$$obj.o(Region$$Table)
    Region$$Table$$Limit                     0x00005c1c   Number         0  anon$$obj.o(Region$$Table)
    JsPutPt                                  0x20000000   Data           4  fifo.o(.data)
    JsGetPt                                  0x20000004   Data           4  fifo.o(.data)
    JsFifoAvailable                          0x20000008   Data           4  fifo.o(.data)
    StX                                      0x2000000c   Data           4  lcd.o(.data)
    StY                                      0x20000010   Data           4  lcd.o(.data)
    StTextColor                              0x20000014   Data           2  lcd.o(.data)
    Messageindex                             0x2000001c   Data           4  lcd.o(.data)
    TimeIndex                                0x20000020   Data           4  lcd.o(.data)
    Ymax                                     0x20000024   Data           4  lcd.o(.data)
    Ymin                                     0x20000028   Data           4  lcd.o(.data)
    Yrange                                   0x2000002c   Data           4  lcd.o(.data)
    PlotBGColor                              0x20000030   Data           2  lcd.o(.data)
    LCDFree                                  0x20000034   Data           4  lcd.o(.data)
    x                                        0x20000038   Data           2  main.o(.data)
    y                                        0x2000003a   Data           2  main.o(.data)
    Cube_Colors                              0x2000003c   Data          16  main.o(.data)
    CubeCount                                0x2000004c   Data           4  main.o(.data)
    life                                     0x20000050   Data           1  main.o(.data)
    score                                    0x20000054   Data           4  main.o(.data)
    shotnum                                  0x20000058   Data           4  main.o(.data)
    startup                                  0x2000005c   Data           4  main.o(.data)
    enemyNumber                              0x20000060   Data           4  main.o(.data)
    flaggin                                  0x20000064   Data           4  main.o(.data)
    mode                                     0x20000068   Data           1  main.o(.data)
    insplash                                 0x20000069   Data           1  main.o(.data)
    start                                    0x2000006c   Data           4  main.o(.data)
    enemies                                  0x20000070   Data        2048  main.o(.data)
    origin                                   0x20000870   Data           4  main.o(.data)
    prevx                                    0x20000874   Data           2  main.o(.data)
    prevy                                    0x20000876   Data           2  main.o(.data)
    select                                   0x20000878   Data           1  main.o(.data)
    area                                     0x20000879   Data           2  main.o(.data)
    scoreSema                                0x2000087c   Data           4  main.o(.data)
    Trace                                    0x20000880   Data           4  main.o(.data)
    Trace1                                   0x20000884   Data           4  main.o(.data)
    blockConsumer                            0x20000888   Data           4  main.o(.data)
    lifeSema                                 0x2000088c   Data           4  main.o(.data)
    NumCreated                               0x20000890   Data           4  main.o(.data)
    NumSamples                               0x20000894   Data           4  main.o(.data)
    CubeSamples                              0x20000898   Data           4  main.o(.data)
    lfsr31                                   0x2000089c   Data           4  main.o(.data)
    lfsr32                                   0x200008a0   Data           4  main.o(.data)
    PeriodicTask1                            0x200008ac   Data           4  os.o(.data)
    PeriodicTask2                            0x200008b0   Data           4  os.o(.data)
    ButtonOneTask                            0x200008b4   Data           4  os.o(.data)
    ButtonTwoTask                            0x200008b8   Data           4  os.o(.data)
    RunPt                                    0x200008bc   Data           4  os.o(.data)
    Tx_UARTPutI                              0x200008cc   Data           4  uart_fifo.o(.data)
    Tx_UARTGetI                              0x200008d0   Data           4  uart_fifo.o(.data)
    Tx_UARTRoomType                          0x200008d4   Data           4  uart_fifo.o(.data)
    Rx_UARTPutPt                             0x200008d8   Data           4  uart_fifo.o(.data)
    Rx_UARTGetPt                             0x200008dc   Data           4  uart_fifo.o(.data)
    Rx_UARTDataAvailable                     0x200008e0   Data           4  uart_fifo.o(.data)
    Message                                  0x20000924   Data          12  lcd.o(.bss)
    Shot                                     0x20000930   Data          12  main.o(.bss)
    Enemy                                    0x2000093c   Data          16  main.o(.bss)
    enemyArray                               0x2000094c   Data         128  main.o(.bss)
    EnemyClassic                             0x200009cc   Data          16  main.o(.bss)
    enemyArrayClassic                        0x200009dc   Data        1024  main.o(.bss)
    tcbs                                     0x20000ddc   Data        2400  os.o(.bss)
    Stacks                                   0x2000173c   Data       20000  os.o(.bss)
    __initial_sp                             0x20006978   Data           0  startup.o(STACK)



==============================================================================

Memory Map of the image

  Image Entry point : 0x0000026d

  Load Region LR_1 (Base: 0x00000000, Size: 0x00006500, Max: 0xffffffff, ABSOLUTE, COMPRESSED[0x00005d80])

    Execution Region ER_RO (Base: 0x00000000, Size: 0x00005c1c, Max: 0xffffffff, ABSOLUTE)

    Base Addr    Size         Type   Attr      Idx    E Section Name        Object

    0x00000000   0x00000284   Code   RO          149  * RESET               startup.o
    0x00000284   0x00000000   Code   RO          187  * .ARM.Collect$$$$00000000  mc_w.l(entry.o)
    0x00000284   0x00000004   Code   RO          190    .ARM.Collect$$$$00000001  mc_w.l(entry2.o)
    0x00000288   0x00000004   Code   RO          193    .ARM.Collect$$$$00000004  mc_w.l(entry5.o)
    0x0000028c   0x00000000   Code   RO          195    .ARM.Collect$$$$00000008  mc_w.l(entry7b.o)
    0x0000028c   0x00000000   Code   RO          197    .ARM.Collect$$$$0000000A  mc_w.l(entry8b.o)
    0x0000028c   0x00000008   Code   RO          198    .ARM.Collect$$$$0000000B  mc_w.l(entry9a.o)
    0x00000294   0x00000000   Code   RO          200    .ARM.Collect$$$$0000000D  mc_w.l(entry10a.o)
    0x00000294   0x00000000   Code   RO          202    .ARM.Collect$$$$0000000F  mc_w.l(entry11a.o)
    0x00000294   0x00000004   Code   RO          191    .ARM.Collect$$$$00002712  mc_w.l(entry2.o)
    0x00000298   0x00000006   Code   RO           43    .emb_text           lcd.o
    0x0000029e   0x00000002   PAD
    0x000002a0   0x000000d8   Code   RO            1    .text               fifo.o
    0x00000378   0x000001a4   Code   RO           28    .text               joystick.o
    0x0000051c   0x00000fa8   Code   RO           44    .text               lcd.o
    0x000014c4   0x00000c58   Code   RO           68    .text               main.o
    0x0000211c   0x00000b34   Code   RO           95    .text               os.o
    0x00002c50   0x00000054   Code   RO          117    .text               osasm.o
    0x00002ca4   0x0000007c   Code   RO          120    .text               pll.o
    0x00002d20   0x0000001c   Code   RO          150    .text               startup.o
    0x00002d3c   0x00000324   Code   RO          156    .text               uart.o
    0x00003060   0x00000180   Code   RO          171    .text               uart_fifo.o
    0x000031e0   0x00000024   Code   RO          204    .text               mc_w.l(init.o)
    0x00003204   0x0000005c   Code   RO          214    .text               mc_w.l(__dczerorl2.o)
    0x00003260   0x0000000e   Code   RO          208    i.__scatterload_copy  mc_w.l(handlers.o)
    0x0000326e   0x00000002   Code   RO          209    i.__scatterload_null  mc_w.l(handlers.o)
    0x00003270   0x0000000e   Code   RO          210    i.__scatterload_zeroinit  mc_w.l(handlers.o)
    0x0000327e   0x0000057b   Data   RO           46    .constdata          lcd.o
    0x000037f9   0x00000001   PAD
    0x000037fa   0x00002400   Data   RO           70    .constdata          main.o
    0x00005bfa   0x00000002   PAD
    0x00005bfc   0x00000020   Data   RO          206    Region$$Table       anon$$obj.o


    Execution Region ER_RW (Base: 0x20000000, Size: 0x000008e4, Max: 0xffffffff, ABSOLUTE, COMPRESSED[0x00000164])

    Base Addr    Size         Type   Attr      Idx    E Section Name        Object

    0x20000000   0x0000000c   Data   RW            3    .data               fifo.o
    0x2000000c   0x0000002c   Data   RW           47    .data               lcd.o
    0x20000038   0x0000086c   Data   RW           71    .data               main.o
    0x200008a4   0x00000028   Data   RW           97    .data               os.o
    0x200008cc   0x00000018   Data   RW          173    .data               uart_fifo.o


    Execution Region ER_ZI (Base: 0x200008e4, Size: 0x00006094, Max: 0xffffffff, ABSOLUTE)

    Base Addr    Size         Type   Attr      Idx    E Section Name        Object

    0x200008e4   0x00000040   Zero   RW            2    .bss                fifo.o
    0x20000924   0x0000000c   Zero   RW           45    .bss                lcd.o
    0x20000930   0x000004ac   Zero   RW           69    .bss                main.o
    0x20000ddc   0x00005780   Zero   RW           96    .bss                os.o
    0x2000655c   0x0000001a   Zero   RW          172    .bss                uart_fifo.o
    0x20006576   0x00000002   PAD
    0x20006578   0x00000400   Zero   RW          147    STACK               startup.o


==============================================================================

Image component sizes


      Code (inc. data)   RO Data    RW Data    ZI Data      Debug   Object Name

       216         18          0         12         64       7402   fifo.o
       420         44          0          0          0       1223   joystick.o
      4014        192       1403         44         12      13750   lcd.o
      3160        446       9216       2156       1196      10209   main.o
      2868        194          0         40      22400       8605   os.o
        84          6          0          0          0        236   osasm.o
       124          6          0          0          0        447   pll.o
       672        622          0          0       1024        932   startup.o
       804         26          0          0          0       3114   uart.o
       384         32          0         24         26       2883   uart_fifo.o

    ----------------------------------------------------------------------
     12748       1586      10654       2276      24724      48801   Object Totals
         0          0         32          0          0          0   (incl. Generated)
         2          0          3          0          2          0   (incl. Padding)

    ----------------------------------------------------------------------

      Code (inc. data)   RO Data    RW Data    ZI Data      Debug   Library Member Name

        92          0          0          0          0          0   __dczerorl2.o
         0          0          0          0          0          0   entry.o
         0          0          0          0          0          0   entry10a.o
         0          0          0          0          0          0   entry11a.o
         8          4          0          0          0          0   entry2.o
         4          0          0          0          0          0   entry5.o
         0          0          0          0          0          0   entry7b.o
         0          0          0          0          0          0   entry8b.o
         8          4          0          0          0          0   entry9a.o
        30          0          0          0          0          0   handlers.o
        36          8          0          0          0         68   init.o

    ----------------------------------------------------------------------
       178         16          0          0          0         68   Library Totals
         0          0          0          0          0          0   (incl. Padding)

    ----------------------------------------------------------------------

      Code (inc. data)   RO Data    RW Data    ZI Data      Debug   Library Name

       178         16          0          0          0         68   mc_w.l

    ----------------------------------------------------------------------
       178         16          0          0          0         68   Library Totals

    ----------------------------------------------------------------------

==============================================================================


      Code (inc. data)   RO Data    RW Data    ZI Data      Debug   

     12926       1602      10654       2276      24724      48141   Grand Totals
     12926       1602      10654        356      24724      48141   ELF Image Totals (compressed)
     12926       1602      10654        356          0          0   ROM Totals

==============================================================================

    Total RO  Size (Code + RO Data)                23580 (  23.03kB)
    Total RW  Size (RW Data + ZI Data)             27000 (  26.37kB)
    Total ROM Size (Code + RO Data + RW Data)      23936 (  23.38kB)

==============================================================================

