ARM Linker, 5.03 [Build 76] [MDK-ARM Lite]

==============================================================================

Section Cross References

    miniproject2test.o(.text) refers to porte.o(.text) for PortE_Init
    miniproject2test.o(.text) refers to os.o(.text) for OS_Init
    miniproject2test.o(.text) refers to miniproject2test.o(.data) for NumCreated
    os.o(.text) refers to startup.o(.text) for StartCritical
    os.o(.text) refers to osasm.o(.text) for OS_DisableInterrupts
    os.o(.text) refers to pll.o(.text) for PLL_Init
    os.o(.text) refers to os.o(.data) for MSTime
    os.o(.text) refers to os.o(.bss) for tcbs
    osasm.o(.text) refers to os.o(.text) for Scheduler
    osasm.o(.text) refers to os.o(.data) for RunPt
    startup.o(RESET) refers to startup.o(STACK) for StackMem
    startup.o(RESET) refers to osasm.o(.text) for SysTick_Handler
    startup.o(RESET) refers to os.o(.text) for Timer1A_Handler
    startup.o(RESET) refers to entry.o(.ARM.Collect$$$$00000000) for __main
    entry.o(.ARM.Collect$$$$00000000) refers (Special) to entry10a.o(.ARM.Collect$$$$0000000D) for __rt_final_cpp
    entry.o(.ARM.Collect$$$$00000000) refers (Special) to entry11a.o(.ARM.Collect$$$$0000000F) for __rt_final_exit
    entry.o(.ARM.Collect$$$$00000000) refers (Special) to entry7b.o(.ARM.Collect$$$$00000008) for _main_clock
    entry.o(.ARM.Collect$$$$00000000) refers (Special) to entry8b.o(.ARM.Collect$$$$0000000A) for _main_cpp_init
    entry.o(.ARM.Collect$$$$00000000) refers (Special) to entry9a.o(.ARM.Collect$$$$0000000B) for _main_init
    entry.o(.ARM.Collect$$$$00000000) refers (Special) to entry5.o(.ARM.Collect$$$$00000004) for _main_scatterload
    entry.o(.ARM.Collect$$$$00000000) refers (Special) to entry2.o(.ARM.Collect$$$$00000001) for _main_stk
    entry2.o(.ARM.Collect$$$$00000001) refers to entry2.o(.ARM.Collect$$$$00002712) for __lit__00000000
    entry2.o(.ARM.Collect$$$$00002712) refers to startup.o(STACK) for __initial_sp
    entry2.o(__vectab_stack_and_reset_area) refers to startup.o(STACK) for __initial_sp
    entry2.o(__vectab_stack_and_reset_area) refers to entry.o(.ARM.Collect$$$$00000000) for __main
    entry5.o(.ARM.Collect$$$$00000004) refers to init.o(.text) for __scatterload
    entry9a.o(.ARM.Collect$$$$0000000B) refers to miniproject2test.o(.text) for main
    entry9b.o(.ARM.Collect$$$$0000000C) refers to miniproject2test.o(.text) for main
    init.o(.text) refers to entry5.o(.ARM.Collect$$$$00000004) for __main_after_scatterload


==============================================================================

Removing Unused input sections from the image.

    Removing startup.o(HEAP), (0 bytes).

1 unused section(s) (total 0 bytes) removed from the image.

==============================================================================

Image Symbol Table

    Local Symbols

    Symbol Name                              Value     Ov Type        Size  Object(Section)

    RESET                                    0x00000000   Section      644  startup.o(RESET)
    ../clib/microlib/init/entry.s            0x00000000   Number         0  entry11b.o ABSOLUTE
    ../clib/microlib/init/entry.s            0x00000000   Number         0  entry5.o ABSOLUTE
    ../clib/microlib/init/entry.s            0x00000000   Number         0  entry7a.o ABSOLUTE
    ../clib/microlib/init/entry.s            0x00000000   Number         0  entry8a.o ABSOLUTE
    ../clib/microlib/init/entry.s            0x00000000   Number         0  entry8b.o ABSOLUTE
    ../clib/microlib/init/entry.s            0x00000000   Number         0  entry9a.o ABSOLUTE
    ../clib/microlib/init/entry.s            0x00000000   Number         0  entry7b.o ABSOLUTE
    ../clib/microlib/init/entry.s            0x00000000   Number         0  entry9b.o ABSOLUTE
    ../clib/microlib/init/entry.s            0x00000000   Number         0  entry10a.o ABSOLUTE
    ../clib/microlib/init/entry.s            0x00000000   Number         0  entry.o ABSOLUTE
    ../clib/microlib/init/entry.s            0x00000000   Number         0  entry10b.o ABSOLUTE
    ../clib/microlib/init/entry.s            0x00000000   Number         0  entry11a.o ABSOLUTE
    ../clib/microlib/init/entry.s            0x00000000   Number         0  entry2.o ABSOLUTE
    MiniProject2Test.c                       0x00000000   Number         0  miniproject2test.o ABSOLUTE
    PLL.c                                    0x00000000   Number         0  pll.o ABSOLUTE
    PORTE.c                                  0x00000000   Number         0  porte.o ABSOLUTE
    dc.s                                     0x00000000   Number         0  dc.o ABSOLUTE
    handlers.s                               0x00000000   Number         0  handlers.o ABSOLUTE
    init.s                                   0x00000000   Number         0  init.o ABSOLUTE
    os.c                                     0x00000000   Number         0  os.o ABSOLUTE
    osasm.s                                  0x00000000   Number         0  osasm.o ABSOLUTE
    startup.s                                0x00000000   Number         0  startup.o ABSOLUTE
    .ARM.Collect$$$$00000000                 0x00000284   Section        0  entry.o(.ARM.Collect$$$$00000000)
    .ARM.Collect$$$$00000001                 0x00000284   Section        4  entry2.o(.ARM.Collect$$$$00000001)
    .ARM.Collect$$$$00000004                 0x00000288   Section        4  entry5.o(.ARM.Collect$$$$00000004)
    .ARM.Collect$$$$00000008                 0x0000028c   Section        0  entry7b.o(.ARM.Collect$$$$00000008)
    .ARM.Collect$$$$0000000A                 0x0000028c   Section        0  entry8b.o(.ARM.Collect$$$$0000000A)
    .ARM.Collect$$$$0000000B                 0x0000028c   Section        8  entry9a.o(.ARM.Collect$$$$0000000B)
    .ARM.Collect$$$$0000000D                 0x00000294   Section        0  entry10a.o(.ARM.Collect$$$$0000000D)
    .ARM.Collect$$$$0000000F                 0x00000294   Section        0  entry11a.o(.ARM.Collect$$$$0000000F)
    .ARM.Collect$$$$00002712                 0x00000294   Section        4  entry2.o(.ARM.Collect$$$$00002712)
    __lit__00000000                          0x00000294   Data           4  entry2.o(.ARM.Collect$$$$00002712)
    .text                                    0x00000298   Section        0  miniproject2test.o(.text)
    .text                                    0x00000478   Section        0  os.o(.text)
    .text                                    0x00000a70   Section       84  osasm.o(.text)
    .text                                    0x00000ac4   Section        0  pll.o(.text)
    .text                                    0x00000b40   Section        0  porte.o(.text)
    .text                                    0x00000ba8   Section       28  startup.o(.text)
    .text                                    0x00000bc4   Section       36  init.o(.text)
    i.__scatterload_copy                     0x00000be8   Section       14  handlers.o(i.__scatterload_copy)
    i.__scatterload_null                     0x00000bf6   Section        2  handlers.o(i.__scatterload_null)
    i.__scatterload_zeroinit                 0x00000bf8   Section       14  handlers.o(i.__scatterload_zeroinit)
    .data                                    0x20000000   Section       36  miniproject2test.o(.data)
    .data                                    0x20000024   Section       28  os.o(.data)
    ThreadNum                                0x20000024   Data           4  os.o(.data)
    tail                                     0x20000028   Data           4  os.o(.data)
    PeriodTaskCt                             0x2000002c   Data           2  os.o(.data)
    MSTime                                   0x2000003c   Data           4  os.o(.data)
    .bss                                     0x20000040   Section     8320  os.o(.bss)
    STACK                                    0x200020c0   Section     1024  startup.o(STACK)
    StackMem                                 0x200020c0   Data           0  startup.o(STACK)

    Global Symbols

    Symbol Name                              Value     Ov Type        Size  Object(Section)

    BuildAttributes$$THM_ISAv4$E$P$D$K$B$S$7EM$PE$A:L22UL41UL21$X:L11$S22US41US21$IEEE1$IW$USESV6$~STKCKD$USESV7$~SHL$OSPACE$EBA8$MICROLIB$REQ8$PRES8$EABIv2 0x00000000   Number         0  anon$$obj.o ABSOLUTE
    __ARM_use_no_argv                        0x00000000   Number         0  miniproject2test.o ABSOLUTE
    __Vectors                                0x00000000   Data           0  startup.o(RESET)
    __cpp_initialize__aeabi_                  - Undefined Weak Reference
    __cxa_finalize                            - Undefined Weak Reference
    __decompress                              - Undefined Weak Reference
    _clock_init                               - Undefined Weak Reference
    _microlib_exit                            - Undefined Weak Reference
    Reset_Handler                            0x0000026d   Thumb Code     0  startup.o(RESET)
    NMI_Handler                              0x00000271   Thumb Code     2  startup.o(RESET)
    HardFault_Handler                        0x00000273   Thumb Code     2  startup.o(RESET)
    MemManage_Handler                        0x00000275   Thumb Code     2  startup.o(RESET)
    BusFault_Handler                         0x00000277   Thumb Code     2  startup.o(RESET)
    UsageFault_Handler                       0x00000279   Thumb Code     2  startup.o(RESET)
    SVC_Handler                              0x0000027b   Thumb Code     2  startup.o(RESET)
    DebugMon_Handler                         0x0000027d   Thumb Code     2  startup.o(RESET)
    PendSV_Handler                           0x0000027f   Thumb Code     2  startup.o(RESET)
    ADC0Seq0_Handler                         0x00000283   Thumb Code     0  startup.o(RESET)
    ADC0Seq1_Handler                         0x00000283   Thumb Code     0  startup.o(RESET)
    ADC0Seq2_Handler                         0x00000283   Thumb Code     0  startup.o(RESET)
    ADC0Seq3_Handler                         0x00000283   Thumb Code     0  startup.o(RESET)
    ADC1Seq0_Handler                         0x00000283   Thumb Code     0  startup.o(RESET)
    ADC1Seq1_Handler                         0x00000283   Thumb Code     0  startup.o(RESET)
    ADC1Seq2_Handler                         0x00000283   Thumb Code     0  startup.o(RESET)
    ADC1Seq3_Handler                         0x00000283   Thumb Code     0  startup.o(RESET)
    CAN0_Handler                             0x00000283   Thumb Code     0  startup.o(RESET)
    CAN1_Handler                             0x00000283   Thumb Code     0  startup.o(RESET)
    CAN2_Handler                             0x00000283   Thumb Code     0  startup.o(RESET)
    Comp0_Handler                            0x00000283   Thumb Code     0  startup.o(RESET)
    Comp1_Handler                            0x00000283   Thumb Code     0  startup.o(RESET)
    Comp2_Handler                            0x00000283   Thumb Code     0  startup.o(RESET)
    Ethernet_Handler                         0x00000283   Thumb Code     0  startup.o(RESET)
    ExtBus_Handler                           0x00000283   Thumb Code     0  startup.o(RESET)
    FPU_Handler                              0x00000283   Thumb Code     0  startup.o(RESET)
    Fan0_Handler                             0x00000283   Thumb Code     0  startup.o(RESET)
    FlashCtl_Handler                         0x00000283   Thumb Code     0  startup.o(RESET)
    GPIOPortA_Handler                        0x00000283   Thumb Code     0  startup.o(RESET)
    GPIOPortB_Handler                        0x00000283   Thumb Code     0  startup.o(RESET)
    GPIOPortC_Handler                        0x00000283   Thumb Code     0  startup.o(RESET)
    GPIOPortD_Handler                        0x00000283   Thumb Code     0  startup.o(RESET)
    GPIOPortE_Handler                        0x00000283   Thumb Code     0  startup.o(RESET)
    GPIOPortF_Handler                        0x00000283   Thumb Code     0  startup.o(RESET)
    GPIOPortG_Handler                        0x00000283   Thumb Code     0  startup.o(RESET)
    GPIOPortH_Handler                        0x00000283   Thumb Code     0  startup.o(RESET)
    GPIOPortJ_Handler                        0x00000283   Thumb Code     0  startup.o(RESET)
    GPIOPortK_Handler                        0x00000283   Thumb Code     0  startup.o(RESET)
    GPIOPortL_Handler                        0x00000283   Thumb Code     0  startup.o(RESET)
    GPIOPortM_Handler                        0x00000283   Thumb Code     0  startup.o(RESET)
    GPIOPortN_Handler                        0x00000283   Thumb Code     0  startup.o(RESET)
    GPIOPortP1_Handler                       0x00000283   Thumb Code     0  startup.o(RESET)
    GPIOPortP2_Handler                       0x00000283   Thumb Code     0  startup.o(RESET)
    GPIOPortP3_Handler                       0x00000283   Thumb Code     0  startup.o(RESET)
    GPIOPortP4_Handler                       0x00000283   Thumb Code     0  startup.o(RESET)
    GPIOPortP5_Handler                       0x00000283   Thumb Code     0  startup.o(RESET)
    GPIOPortP6_Handler                       0x00000283   Thumb Code     0  startup.o(RESET)
    GPIOPortP7_Handler                       0x00000283   Thumb Code     0  startup.o(RESET)
    GPIOPortP_Handler                        0x00000283   Thumb Code     0  startup.o(RESET)
    GPIOPortQ1_Handler                       0x00000283   Thumb Code     0  startup.o(RESET)
    GPIOPortQ2_Handler                       0x00000283   Thumb Code     0  startup.o(RESET)
    GPIOPortQ3_Handler                       0x00000283   Thumb Code     0  startup.o(RESET)
    GPIOPortQ4_Handler                       0x00000283   Thumb Code     0  startup.o(RESET)
    GPIOPortQ5_Handler                       0x00000283   Thumb Code     0  startup.o(RESET)
    GPIOPortQ6_Handler                       0x00000283   Thumb Code     0  startup.o(RESET)
    GPIOPortQ7_Handler                       0x00000283   Thumb Code     0  startup.o(RESET)
    GPIOPortQ_Handler                        0x00000283   Thumb Code     0  startup.o(RESET)
    GPIOPortR_Handler                        0x00000283   Thumb Code     0  startup.o(RESET)
    GPIOPortS_Handler                        0x00000283   Thumb Code     0  startup.o(RESET)
    Hibernate_Handler                        0x00000283   Thumb Code     0  startup.o(RESET)
    I2C0_Handler                             0x00000283   Thumb Code     0  startup.o(RESET)
    I2C1_Handler                             0x00000283   Thumb Code     0  startup.o(RESET)
    I2C2_Handler                             0x00000283   Thumb Code     0  startup.o(RESET)
    I2C3_Handler                             0x00000283   Thumb Code     0  startup.o(RESET)
    I2C4_Handler                             0x00000283   Thumb Code     0  startup.o(RESET)
    I2C5_Handler                             0x00000283   Thumb Code     0  startup.o(RESET)
    I2S0_Handler                             0x00000283   Thumb Code     0  startup.o(RESET)
    LPC0_Handler                             0x00000283   Thumb Code     0  startup.o(RESET)
    PECI0_Handler                            0x00000283   Thumb Code     0  startup.o(RESET)
    PWM0Fault_Handler                        0x00000283   Thumb Code     0  startup.o(RESET)
    PWM0Generator0_Handler                   0x00000283   Thumb Code     0  startup.o(RESET)
    PWM0Generator1_Handler                   0x00000283   Thumb Code     0  startup.o(RESET)
    PWM0Generator2_Handler                   0x00000283   Thumb Code     0  startup.o(RESET)
    PWM0Generator3_Handler                   0x00000283   Thumb Code     0  startup.o(RESET)
    PWM1Fault_Handler                        0x00000283   Thumb Code     0  startup.o(RESET)
    PWM1Generator0_Handler                   0x00000283   Thumb Code     0  startup.o(RESET)
    PWM1Generator1_Handler                   0x00000283   Thumb Code     0  startup.o(RESET)
    PWM1Generator2_Handler                   0x00000283   Thumb Code     0  startup.o(RESET)
    PWM1Generator3_Handler                   0x00000283   Thumb Code     0  startup.o(RESET)
    Quadrature0_Handler                      0x00000283   Thumb Code     0  startup.o(RESET)
    Quadrature1_Handler                      0x00000283   Thumb Code     0  startup.o(RESET)
    Quadrature2_Handler                      0x00000283   Thumb Code     0  startup.o(RESET)
    SSI0_Handler                             0x00000283   Thumb Code     0  startup.o(RESET)
    SSI1_Handler                             0x00000283   Thumb Code     0  startup.o(RESET)
    SSI2_Handler                             0x00000283   Thumb Code     0  startup.o(RESET)
    SSI3_Handler                             0x00000283   Thumb Code     0  startup.o(RESET)
    SysCtl_Handler                           0x00000283   Thumb Code     0  startup.o(RESET)
    Timer0A_Handler                          0x00000283   Thumb Code     0  startup.o(RESET)
    Timer0B_Handler                          0x00000283   Thumb Code     0  startup.o(RESET)
    Timer1B_Handler                          0x00000283   Thumb Code     0  startup.o(RESET)
    Timer2B_Handler                          0x00000283   Thumb Code     0  startup.o(RESET)
    Timer3B_Handler                          0x00000283   Thumb Code     0  startup.o(RESET)
    Timer4B_Handler                          0x00000283   Thumb Code     0  startup.o(RESET)
    Timer5A_Handler                          0x00000283   Thumb Code     0  startup.o(RESET)
    Timer5B_Handler                          0x00000283   Thumb Code     0  startup.o(RESET)
    UART0_Handler                            0x00000283   Thumb Code     0  startup.o(RESET)
    UART1_Handler                            0x00000283   Thumb Code     0  startup.o(RESET)
    UART2_Handler                            0x00000283   Thumb Code     0  startup.o(RESET)
    UART3_Handler                            0x00000283   Thumb Code     0  startup.o(RESET)
    UART4_Handler                            0x00000283   Thumb Code     0  startup.o(RESET)
    UART5_Handler                            0x00000283   Thumb Code     0  startup.o(RESET)
    UART6_Handler                            0x00000283   Thumb Code     0  startup.o(RESET)
    UART7_Handler                            0x00000283   Thumb Code     0  startup.o(RESET)
    USB0_Handler                             0x00000283   Thumb Code     0  startup.o(RESET)
    WDT_Handler                              0x00000283   Thumb Code     0  startup.o(RESET)
    WideTimer0A_Handler                      0x00000283   Thumb Code     0  startup.o(RESET)
    WideTimer0B_Handler                      0x00000283   Thumb Code     0  startup.o(RESET)
    WideTimer1A_Handler                      0x00000283   Thumb Code     0  startup.o(RESET)
    WideTimer1B_Handler                      0x00000283   Thumb Code     0  startup.o(RESET)
    WideTimer2A_Handler                      0x00000283   Thumb Code     0  startup.o(RESET)
    WideTimer2B_Handler                      0x00000283   Thumb Code     0  startup.o(RESET)
    WideTimer3A_Handler                      0x00000283   Thumb Code     0  startup.o(RESET)
    WideTimer3B_Handler                      0x00000283   Thumb Code     0  startup.o(RESET)
    WideTimer4A_Handler                      0x00000283   Thumb Code     0  startup.o(RESET)
    WideTimer4B_Handler                      0x00000283   Thumb Code     0  startup.o(RESET)
    WideTimer5A_Handler                      0x00000283   Thumb Code     0  startup.o(RESET)
    WideTimer5B_Handler                      0x00000283   Thumb Code     0  startup.o(RESET)
    uDMA_Error                               0x00000283   Thumb Code     0  startup.o(RESET)
    uDMA_Handler                             0x00000283   Thumb Code     0  startup.o(RESET)
    __main                                   0x00000285   Thumb Code     0  entry.o(.ARM.Collect$$$$00000000)
    _main_stk                                0x00000285   Thumb Code     0  entry2.o(.ARM.Collect$$$$00000001)
    _main_scatterload                        0x00000289   Thumb Code     0  entry5.o(.ARM.Collect$$$$00000004)
    __main_after_scatterload                 0x0000028d   Thumb Code     0  entry5.o(.ARM.Collect$$$$00000004)
    _main_clock                              0x0000028d   Thumb Code     0  entry7b.o(.ARM.Collect$$$$00000008)
    _main_cpp_init                           0x0000028d   Thumb Code     0  entry8b.o(.ARM.Collect$$$$0000000A)
    _main_init                               0x0000028d   Thumb Code     0  entry9a.o(.ARM.Collect$$$$0000000B)
    __rt_final_cpp                           0x00000295   Thumb Code     0  entry10a.o(.ARM.Collect$$$$0000000D)
    __rt_final_exit                          0x00000295   Thumb Code     0  entry11a.o(.ARM.Collect$$$$0000000F)
    Thread8                                  0x00000299   Thumb Code    16  miniproject2test.o(.text)
    main                                     0x000002a9   Thumb Code    50  miniproject2test.o(.text)
    Thread1                                  0x000002db   Thumb Code    36  miniproject2test.o(.text)
    Thread2                                  0x000002ff   Thumb Code    36  miniproject2test.o(.text)
    Thread3                                  0x00000323   Thumb Code    36  miniproject2test.o(.text)
    Testmain1                                0x00000347   Thumb Code    92  miniproject2test.o(.text)
    Thread1b                                 0x000003a3   Thumb Code    32  miniproject2test.o(.text)
    Thread2b                                 0x000003c3   Thumb Code    32  miniproject2test.o(.text)
    Thread3b                                 0x000003e3   Thumb Code    32  miniproject2test.o(.text)
    Testmain2                                0x00000403   Thumb Code    92  miniproject2test.o(.text)
    OS_ClearMsTime                           0x00000479   Thumb Code     8  os.o(.text)
    InitTimer3A                              0x00000481   Thumb Code   118  os.o(.text)
    InitTimer2A                              0x000004f7   Thumb Code   126  os.o(.text)
    OS_Init                                  0x00000575   Thumb Code    74  os.o(.text)
    SetInitialStack                          0x000005bf   Thumb Code   326  os.o(.text)
    OS_Launch                                0x00000705   Thumb Code    22  os.o(.text)
    OS_Suspend                               0x0000071b   Thumb Code    20  os.o(.text)
    OS_AddThreads                            0x0000072f   Thumb Code    86  os.o(.text)
    OS_AddThread                             0x00000785   Thumb Code   170  os.o(.text)
    OS_Id                                    0x0000082f   Thumb Code     8  os.o(.text)
    OS_Sleep                                 0x00000837   Thumb Code     2  os.o(.text)
    OS_Kill                                  0x00000839   Thumb Code   116  os.o(.text)
    InitTimer4A                              0x000008ad   Thumb Code   122  os.o(.text)
    InitTimer1A                              0x00000927   Thumb Code   128  os.o(.text)
    OS_AddPeriodicThread                     0x000009a7   Thumb Code    54  os.o(.text)
    OS_Time                                  0x000009dd   Thumb Code    12  os.o(.text)
    OS_TimeDifference                        0x000009e9   Thumb Code     6  os.o(.text)
    OS_MsTime                                0x000009ef   Thumb Code     6  os.o(.text)
    Scheduler                                0x000009f5   Thumb Code    12  os.o(.text)
    Timer1A_Handler                          0x00000a01   Thumb Code    16  os.o(.text)
    Timer2A_Handler                          0x00000a11   Thumb Code    18  os.o(.text)
    Timer3A_Handler                          0x00000a23   Thumb Code     8  os.o(.text)
    Timer4A_Handler                          0x00000a2b   Thumb Code    16  os.o(.text)
    OS_DisableInterrupts                     0x00000a71   Thumb Code     0  osasm.o(.text)
    OS_EnableInterrupts                      0x00000a75   Thumb Code     0  osasm.o(.text)
    SysTick_Handler                          0x00000a79   Thumb Code     0  osasm.o(.text)
    StartOS                                  0x00000a9f   Thumb Code     0  osasm.o(.text)
    PLL_Init                                 0x00000ac5   Thumb Code   118  pll.o(.text)
    PortE_Init                               0x00000b41   Thumb Code    86  porte.o(.text)
    DisableInterrupts                        0x00000ba9   Thumb Code     0  startup.o(.text)
    EnableInterrupts                         0x00000bad   Thumb Code     0  startup.o(.text)
    StartCritical                            0x00000bb1   Thumb Code     0  startup.o(.text)
    EndCritical                              0x00000bb9   Thumb Code     0  startup.o(.text)
    WaitForInterrupt                         0x00000bbf   Thumb Code     0  startup.o(.text)
    __scatterload                            0x00000bc5   Thumb Code    28  init.o(.text)
    __scatterload_rt2                        0x00000bc5   Thumb Code     0  init.o(.text)
    __scatterload_copy                       0x00000be9   Thumb Code    14  handlers.o(i.__scatterload_copy)
    __scatterload_null                       0x00000bf7   Thumb Code     2  handlers.o(i.__scatterload_null)
    __scatterload_zeroinit                   0x00000bf9   Thumb Code    14  handlers.o(i.__scatterload_zeroinit)
    Region$$Table$$Base                      0x00000c08   Number         0  anon$$obj.o(Region$$Table)
    Region$$Table$$Limit                     0x00000c28   Number         0  anon$$obj.o(Region$$Table)
    NumCreated                               0x20000000   Data           4  miniproject2test.o(.data)
    TIMESLICE                                0x20000004   Data           4  miniproject2test.o(.data)
    CONTEXTSWITCHTIME                        0x20000008   Data           4  miniproject2test.o(.data)
    temp                                     0x2000000c   Data           4  miniproject2test.o(.data)
    Count1                                   0x20000010   Data           4  miniproject2test.o(.data)
    Count2                                   0x20000014   Data           4  miniproject2test.o(.data)
    Count3                                   0x20000018   Data           4  miniproject2test.o(.data)
    Count4                                   0x2000001c   Data           4  miniproject2test.o(.data)
    Count5                                   0x20000020   Data           4  miniproject2test.o(.data)
    PeriodicTask1                            0x20000030   Data           4  os.o(.data)
    PeriodicTask2                            0x20000034   Data           4  os.o(.data)
    RunPt                                    0x20000038   Data           4  os.o(.data)
    tcbs                                     0x20000040   Data         320  os.o(.bss)
    Stacks                                   0x20000180   Data        8000  os.o(.bss)
    __initial_sp                             0x200024c0   Data           0  startup.o(STACK)



==============================================================================

Memory Map of the image

  Image Entry point : 0x0000026d

  Load Region LR_1 (Base: 0x00000000, Size: 0x00000c68, Max: 0xffffffff, ABSOLUTE)

    Execution Region ER_RO (Base: 0x00000000, Size: 0x00000c28, Max: 0xffffffff, ABSOLUTE)

    Base Addr    Size         Type   Attr      Idx    E Section Name        Object

    0x00000000   0x00000284   Code   RO           86  * RESET               startup.o
    0x00000284   0x00000000   Code   RO           93  * .ARM.Collect$$$$00000000  mc_w.l(entry.o)
    0x00000284   0x00000004   Code   RO           96    .ARM.Collect$$$$00000001  mc_w.l(entry2.o)
    0x00000288   0x00000004   Code   RO           99    .ARM.Collect$$$$00000004  mc_w.l(entry5.o)
    0x0000028c   0x00000000   Code   RO          101    .ARM.Collect$$$$00000008  mc_w.l(entry7b.o)
    0x0000028c   0x00000000   Code   RO          103    .ARM.Collect$$$$0000000A  mc_w.l(entry8b.o)
    0x0000028c   0x00000008   Code   RO          104    .ARM.Collect$$$$0000000B  mc_w.l(entry9a.o)
    0x00000294   0x00000000   Code   RO          106    .ARM.Collect$$$$0000000D  mc_w.l(entry10a.o)
    0x00000294   0x00000000   Code   RO          108    .ARM.Collect$$$$0000000F  mc_w.l(entry11a.o)
    0x00000294   0x00000004   Code   RO           97    .ARM.Collect$$$$00002712  mc_w.l(entry2.o)
    0x00000298   0x000001e0   Code   RO            1    .text               miniproject2test.o
    0x00000478   0x000005f8   Code   RO           36    .text               os.o
    0x00000a70   0x00000054   Code   RO           56    .text               osasm.o
    0x00000ac4   0x0000007c   Code   RO           60    .text               pll.o
    0x00000b40   0x00000068   Code   RO           72    .text               porte.o
    0x00000ba8   0x0000001c   Code   RO           87    .text               startup.o
    0x00000bc4   0x00000024   Code   RO          110    .text               mc_w.l(init.o)
    0x00000be8   0x0000000e   Code   RO          114    i.__scatterload_copy  mc_w.l(handlers.o)
    0x00000bf6   0x00000002   Code   RO          115    i.__scatterload_null  mc_w.l(handlers.o)
    0x00000bf8   0x0000000e   Code   RO          116    i.__scatterload_zeroinit  mc_w.l(handlers.o)
    0x00000c06   0x00000002   PAD
    0x00000c08   0x00000020   Data   RO          112    Region$$Table       anon$$obj.o


    Execution Region ER_RW (Base: 0x20000000, Size: 0x00000040, Max: 0xffffffff, ABSOLUTE)

    Base Addr    Size         Type   Attr      Idx    E Section Name        Object

    0x20000000   0x00000024   Data   RW            2    .data               miniproject2test.o
    0x20000024   0x0000001c   Data   RW           38    .data               os.o


    Execution Region ER_ZI (Base: 0x20000040, Size: 0x00002480, Max: 0xffffffff, ABSOLUTE)

    Base Addr    Size         Type   Attr      Idx    E Section Name        Object

    0x20000040   0x00002080   Zero   RW           37    .bss                os.o
    0x200020c0   0x00000400   Zero   RW           84    STACK               startup.o


==============================================================================

Image component sizes


      Code (inc. data)   RO Data    RW Data    ZI Data      Debug   Object Name

       480         26          0         36          0       6163   miniproject2test.o
      1528        112          0         28       8320       5602   os.o
        84          6          0          0          0        248   osasm.o
       124          6          0          0          0        431   pll.o
       104         18          0          0          0        385   porte.o
       672        622          0          0       1024        892   startup.o

    ----------------------------------------------------------------------
      2992        790         32         64       9344      13721   Object Totals
         0          0         32          0          0          0   (incl. Generated)
         0          0          0          0          0          0   (incl. Padding)

    ----------------------------------------------------------------------

      Code (inc. data)   RO Data    RW Data    ZI Data      Debug   Library Member Name

         0          0          0          0          0          0   entry.o
         0          0          0          0          0          0   entry10a.o
         0          0          0          0          0          0   entry11a.o
         8          4          0          0          0          0   entry2.o
         4          0          0          0          0          0   entry5.o
         0          0          0          0          0          0   entry7b.o
         0          0          0          0          0          0   entry8b.o
         8          4          0          0          0          0   entry9a.o
        30          0          0          0          0          0   handlers.o
        36          8          0          0          0         68   init.o

    ----------------------------------------------------------------------
        88         16          0          0          0         68   Library Totals
         2          0          0          0          0          0   (incl. Padding)

    ----------------------------------------------------------------------

      Code (inc. data)   RO Data    RW Data    ZI Data      Debug   Library Name

        86         16          0          0          0         68   mc_w.l

    ----------------------------------------------------------------------
        88         16          0          0          0         68   Library Totals

    ----------------------------------------------------------------------

==============================================================================


      Code (inc. data)   RO Data    RW Data    ZI Data      Debug   

      3080        806         32         64       9344      13529   Grand Totals
      3080        806         32         64       9344      13529   ELF Image Totals
      3080        806         32         64          0          0   ROM Totals

==============================================================================

    Total RO  Size (Code + RO Data)                 3112 (   3.04kB)
    Total RW  Size (RW Data + ZI Data)              9408 (   9.19kB)
    Total ROM Size (Code + RO Data + RW Data)       3176 (   3.10kB)

==============================================================================

